  Geri yüklenecek projeler belirleniyor...
  C:\Users\Teknesyum\Desktop\Projeler\VidShrink-T175\tools\VidShrink.Manifest\VidShrink.Manifest.csproj geri yüklendi (59 ms içinde).
  C:\Users\Teknesyum\Desktop\Projeler\VidShrink-T175\tools\VidShrink.SplashGen\VidShrink.SplashGen.csproj geri yüklendi (59 ms içinde).
  C:\Users\Teknesyum\Desktop\Projeler\VidShrink-T175\src\VidShrink.Launcher\VidShrink.Launcher.csproj geri yüklendi (144 ms içinde).
  C:\Users\Teknesyum\Desktop\Projeler\VidShrink-T175\tools\VidShrink.Ab\VidShrink.Ab.csproj geri yüklendi (144 ms içinde).
  C:\Users\Teknesyum\Desktop\Projeler\VidShrink-T175\tools\VidShrink.Bench\VidShrink.Bench.csproj geri yüklendi (144 ms içinde).
  C:\Users\Teknesyum\Desktop\Projeler\VidShrink-T175\src\VidShrink.App\VidShrink.App.csproj geri yüklendi (158 ms içinde).
  C:\Users\Teknesyum\Desktop\Projeler\VidShrink-T175\tests\VidShrink.Tests\VidShrink.Tests.csproj geri yüklendi (161 ms içinde).
  Geri yükleme için 9 proje içinden 2 tanesi güncel.
  VidShrink.Core -> C:\Users\Teknesyum\Desktop\Projeler\VidShrink-T175\src\VidShrink.Core\bin\Release\net8.0\VidShrink.Core.dll
  VidShrink.Ffmpeg -> C:\Users\Teknesyum\Desktop\Projeler\VidShrink-T175\src\VidShrink.Ffmpeg\bin\Release\net8.0\VidShrink.Ffmpeg.dll
  VidShrink.Ab -> C:\Users\Teknesyum\Desktop\Projeler\VidShrink-T175\tools\VidShrink.Ab\bin\Release\net8.0\VidShrink.Ab.dll
  VidShrink.Bench -> C:\Users\Teknesyum\Desktop\Projeler\VidShrink-T175\tools\VidShrink.Bench\bin\Release\net8.0\VidShrink.Bench.dll
  VidShrink.App -> C:\Users\Teknesyum\Desktop\Projeler\VidShrink-T175\src\VidShrink.App\bin\Release\net8.0\VidShrink.App.dll
  VidShrink.Tests -> C:\Users\Teknesyum\Desktop\Projeler\VidShrink-T175\tests\VidShrink.Tests\bin\Release\net8.0\VidShrink.Tests.dll
C:\Users\Teknesyum\Desktop\Projeler\VidShrink-T175\tests\VidShrink.Tests\bin\Release\net8.0\VidShrink.Tests.dll (.NETCoreApp,Version=v8.0) için test çalıştırması
VSTest sürümü 17.11.1 (x64)

Test yürütmesi başlatılıyor, lütfen bekleyin...
Toplam 1 test dosyası belirtilen desenle eşleşti.
[xUnit.net 00:00:10.36]     VidShrink.Tests.OynaticiBoruTests_AudioSink.BytesToSeconds_format_hizinda_dogru_donusum_yapar [FAIL]
  Başarısız VidShrink.Tests.OynaticiBoruTests_AudioSink.BytesToSeconds_format_hizinda_dogru_donusum_yapar [1 ms]
  Hata İletisi:
   Assert.Equal() Failure: Values are not within 6 decimal places
Expected: 1 (rounded from 1)
Actual:   1,1499999999999999 (rounded from 1,1499999999999999)
  Yığın İzleme:
     at VidShrink.Tests.OynaticiBoruTests_AudioSink.BytesToSeconds_format_hizinda_dogru_donusum_yapar() in C:\Users\Teknesyum\Desktop\Projeler\VidShrink-T175\tests\VidShrink.Tests\OynaticiBoruTests.cs:line 187
   at System.RuntimeMethodHandle.InvokeMethod(Object target, Void** arguments, Signature sig, Boolean isConstructor)
   at System.Reflection.MethodBaseInvoker.InvokeWithNoArgs(Object obj, BindingFlags invokeAttr)

Başarısız! - Başarısız:     1, Başarılı:    15, Atlanan:     0, Toplam:    16, Süre: 2 s - VidShrink.Tests.dll (net8.0)
