Svt[info]: -------------------------------------------
Svt[info]: SVT [version]:	SVT-AV1 Encoder Lib v4.2.0-68-gc1e79b04f
Svt[info]: SVT [build]  :	GCC 16.1.0	 64 bit
Svt[info]: LIB Build date: Aug  2 2026 11:16:16
Svt[info]: -------------------------------------------
Svt[warn]: For CRF or 2PASS RC mode, the maximum needed Lookahead distance is 42. Force the look_ahead_distance to be 42
Svt[info]: Level of Parallelism: 6
Svt[info]: Number of PPCS 161
Svt[info]: [asm level on system : up to avx512icl]
Svt[info]: [asm level selected : up to avx512icl]
Svt[info]: -------------------------------------------
Svt[info]: SVT [config]: main profile	tier (auto)	level (auto)
Svt[info]: SVT [config]: width / height / fps numerator / fps denominator 		: 1920 / 1080 / 60 / 1
Svt[info]: SVT [config]: bit-depth / color format 					: 10 / YUV420
Svt[info]: SVT [config]: preset / tune / pred struct 					: 6 / PSNR / random access
Svt[info]: SVT [config]: gop size / mini-gop size / key-frame type 			: 321 / 16 / key frame
Svt[info]: SVT [config]: BRC mode / target bitrate (kbps)				: VBR / 8230 
Svt[info]: SVT [config]: AQ mode / Variance Boost 					: 2 / 0
Svt[info]: SVT [config]: sharpness / luminance-based QP bias 				: 0 / 0
Svt[info]: SVT [config]: QP scale compress strength 					: 0
Svt[info]: -------------------------------------------
